[000001] 2026-04-01 14:59:05.276026 [T34596] CAMERA_INIT_BEGIN
[000002] 2026-04-01 14:59:05.276026 [T34596] CAMERA_DM_CREATE_BEFORE
[000003] 2026-04-01 14:59:05.277026 [T34596] CAMERA_DM_CREATE_AFTER
[000004] 2026-04-01 14:59:05.277026 [T34596] CAMERA_UPDATE_DEV_LIST_BEFORE
[000005] 2026-04-01 14:59:05.305449 [T34596] CAMERA_UPDATE_DEV_LIST_AFTER | count>0
[000006] 2026-04-01 14:59:05.305449 [T34596] CAMERA_OPEN_DEVICE_BEFORE
[000007] 2026-04-01 14:59:05.548206 [T34596] CAMERA_OPEN_DEVICE_AFTER
[000008] 2026-04-01 14:59:05.548206 [T34596] CAMERA_GET_REMOTE_FEATURE_BEFORE
[000009] 2026-04-01 14:59:05.548206 [T34596] CAMERA_GET_REMOTE_FEATURE_AFTER
[000010] 2026-04-01 14:59:05.549205 [T34596] CAMERA_FEATURE_CONFIG_BEGIN
[000011] 2026-04-01 14:59:05.570489 [T34596] CAMERA_GET_STREAM_FEATURE_BEFORE
[000012] 2026-04-01 14:59:05.570489 [T34596] CAMERA_GET_STREAM_FEATURE_AFTER
[000013] 2026-04-01 14:59:05.570489 [T34596] CAMERA_FEATURE_CONFIG_DONE
[000014] 2026-04-01 14:59:05.571490 [T34596] CAMERA_INIT_DONE
[000015] 2026-04-01 14:59:53.745368 [T16840] DO_MOVE_BEGIN | axis=X, distance=-0.5900000000000034, speed=4.0
[000016] 2026-04-01 14:59:53.746368 [T16840] DO_STAGE_ENABLE_ADD_CHAN_BEFORE
[000017] 2026-04-01 14:59:53.749366 [T16840] DO_STAGE_ENABLE_ADD_CHAN_AFTER
[000018] 2026-04-01 14:59:53.750366 [T16840] DO_STAGE_ENABLE_WRITE_BEFORE | value=0
[000019] 2026-04-01 14:59:53.751367 [T16840] DO_STAGE_ENABLE_WRITE_AFTER
[000020] 2026-04-01 14:59:53.751367 [T16840] DO_STAGE_ENABLE_WAIT_BEFORE
[000021] 2026-04-01 14:59:53.751367 [T16840] DO_STAGE_ENABLE_WAIT_AFTER
[000022] 2026-04-01 14:59:53.751367 [T16840] DO_STAGE_ENABLE_STOP_BEFORE
[000023] 2026-04-01 14:59:53.751367 [T16840] DO_STAGE_ENABLE_STOP_AFTER
[000024] 2026-04-01 14:59:53.852412 [T16840] DO_MOVE_ADD_CHAN_BEFORE
[000025] 2026-04-01 14:59:53.855428 [T16840] DO_MOVE_ADD_CHAN_AFTER
[000026] 2026-04-01 14:59:53.855428 [T16840] DO_MOVE_CFG_TIMING_BEFORE | rate=100000, samps=19600
[000027] 2026-04-01 14:59:53.855428 [T16840] DO_MOVE_CFG_TIMING_AFTER
[000028] 2026-04-01 14:59:53.856429 [T16840] DO_MOVE_WRITE_BEFORE
[000029] 2026-04-01 14:59:53.856429 [T16840] DO_MOVE_WRITE_AFTER
[000030] 2026-04-01 14:59:53.857429 [T16840] DO_MOVE_START_BEFORE
[000031] 2026-04-01 14:59:53.858429 [T16840] DO_MOVE_START_AFTER
[000032] 2026-04-01 14:59:53.858429 [T16840] DO_MOVE_WAIT_BEFORE
[000033] 2026-04-01 14:59:54.056577 [T16840] DO_MOVE_WAIT_AFTER
[000034] 2026-04-01 14:59:54.056577 [T16840] DO_MOVE_STOP_BEFORE
[000035] 2026-04-01 14:59:54.056577 [T16840] DO_MOVE_STOP_AFTER
[000036] 2026-04-01 14:59:54.057584 [T16840] DO_MOVE_DONE | axis=X
[000037] 2026-04-01 14:59:54.058578 [T16840] DO_MOVE_BEGIN | axis=Y, distance=-1.3699999999999992, speed=4.0
[000038] 2026-04-01 14:59:54.059578 [T16840] DO_STAGE_ENABLE_ADD_CHAN_BEFORE
[000039] 2026-04-01 14:59:54.062578 [T16840] DO_STAGE_ENABLE_ADD_CHAN_AFTER
[000040] 2026-04-01 14:59:54.062578 [T16840] DO_STAGE_ENABLE_WRITE_BEFORE | value=0
[000041] 2026-04-01 14:59:54.062578 [T16840] DO_STAGE_ENABLE_WRITE_AFTER
[000042] 2026-04-01 14:59:54.063579 [T16840] DO_STAGE_ENABLE_WAIT_BEFORE
[000043] 2026-04-01 14:59:54.063579 [T16840] DO_STAGE_ENABLE_WAIT_AFTER
[000044] 2026-04-01 14:59:54.063579 [T16840] DO_STAGE_ENABLE_STOP_BEFORE
[000045] 2026-04-01 14:59:54.063579 [T16840] DO_STAGE_ENABLE_STOP_AFTER
[000046] 2026-04-01 14:59:54.164618 [T16840] DO_MOVE_ADD_CHAN_BEFORE
[000047] 2026-04-01 14:59:54.167647 [T16840] DO_MOVE_ADD_CHAN_AFTER
[000048] 2026-04-01 14:59:54.167647 [T16840] DO_MOVE_CFG_TIMING_BEFORE | rate=100000, samps=39098
[000049] 2026-04-01 14:59:54.168647 [T16840] DO_MOVE_CFG_TIMING_AFTER
[000050] 2026-04-01 14:59:54.168647 [T16840] DO_MOVE_WRITE_BEFORE
[000051] 2026-04-01 14:59:54.169646 [T16840] DO_MOVE_WRITE_AFTER
[000052] 2026-04-01 14:59:54.169646 [T16840] DO_MOVE_START_BEFORE
[000053] 2026-04-01 14:59:54.170646 [T16840] DO_MOVE_START_AFTER
[000054] 2026-04-01 14:59:54.170646 [T16840] DO_MOVE_WAIT_BEFORE
[000055] 2026-04-01 14:59:54.561858 [T16840] DO_MOVE_WAIT_AFTER
[000056] 2026-04-01 14:59:54.561858 [T16840] DO_MOVE_STOP_BEFORE
[000057] 2026-04-01 14:59:54.561858 [T16840] DO_MOVE_STOP_AFTER
[000058] 2026-04-01 14:59:54.562857 [T16840] DO_MOVE_DONE | axis=Y
[000059] 2026-04-01 14:59:54.731928 [T16840] DO_MOVE_BEGIN | axis=X, distance=0.6200000000000045, speed=4.0
[000060] 2026-04-01 14:59:54.732928 [T16840] DO_STAGE_ENABLE_ADD_CHAN_BEFORE
[000061] 2026-04-01 14:59:54.734928 [T16840] DO_STAGE_ENABLE_ADD_CHAN_AFTER
[000062] 2026-04-01 14:59:54.734928 [T16840] DO_STAGE_ENABLE_WRITE_BEFORE | value=2
[000063] 2026-04-01 14:59:54.735928 [T16840] DO_STAGE_ENABLE_WRITE_AFTER
[000064] 2026-04-01 14:59:54.735928 [T16840] DO_STAGE_ENABLE_WAIT_BEFORE
[000065] 2026-04-01 14:59:54.735928 [T16840] DO_STAGE_ENABLE_WAIT_AFTER
[000066] 2026-04-01 14:59:54.735928 [T16840] DO_STAGE_ENABLE_STOP_BEFORE
[000067] 2026-04-01 14:59:54.736928 [T16840] DO_STAGE_ENABLE_STOP_AFTER
[000068] 2026-04-01 14:59:54.838301 [T16840] DO_MOVE_ADD_CHAN_BEFORE
[000069] 2026-04-01 14:59:54.842301 [T16840] DO_MOVE_ADD_CHAN_AFTER
[000070] 2026-04-01 14:59:54.843299 [T16840] DO_MOVE_CFG_TIMING_BEFORE | rate=100000, samps=20350
[000071] 2026-04-01 14:59:54.843299 [T16840] DO_MOVE_CFG_TIMING_AFTER
[000072] 2026-04-01 14:59:54.843299 [T16840] DO_MOVE_WRITE_BEFORE
[000073] 2026-04-01 14:59:54.844299 [T16840] DO_MOVE_WRITE_AFTER
[000074] 2026-04-01 14:59:54.845299 [T16840] DO_MOVE_START_BEFORE
[000075] 2026-04-01 14:59:54.846303 [T16840] DO_MOVE_START_AFTER
[000076] 2026-04-01 14:59:54.846303 [T16840] DO_MOVE_WAIT_BEFORE
[000077] 2026-04-01 14:59:55.051863 [T16840] DO_MOVE_WAIT_AFTER
[000078] 2026-04-01 14:59:55.051863 [T16840] DO_MOVE_STOP_BEFORE
[000079] 2026-04-01 14:59:55.051863 [T16840] DO_MOVE_STOP_AFTER
[000080] 2026-04-01 14:59:55.052863 [T16840] DO_MOVE_DONE | axis=X
[000081] 2026-04-01 14:59:55.179964 [T16840] DO_MOVE_BEGIN | axis=Y, distance=0.6199999999999992, speed=4.0
[000082] 2026-04-01 14:59:55.180965 [T16840] DO_STAGE_ENABLE_ADD_CHAN_BEFORE
[000083] 2026-04-01 14:59:55.183966 [T16840] DO_STAGE_ENABLE_ADD_CHAN_AFTER
[000084] 2026-04-01 14:59:55.183966 [T16840] DO_STAGE_ENABLE_WRITE_BEFORE | value=4
[000085] 2026-04-01 14:59:55.184965 [T16840] DO_STAGE_ENABLE_WRITE_AFTER
[000086] 2026-04-01 14:59:55.184965 [T16840] DO_STAGE_ENABLE_WAIT_BEFORE
[000087] 2026-04-01 14:59:55.184965 [T16840] DO_STAGE_ENABLE_WAIT_AFTER
[000088] 2026-04-01 14:59:55.184965 [T16840] DO_STAGE_ENABLE_STOP_BEFORE
[000089] 2026-04-01 14:59:55.184965 [T16840] DO_STAGE_ENABLE_STOP_AFTER
